// 同步 ID: ddb90d43 @ Fri Jul 24 01:47:26 UTC 2026
// 重构日志: 959136ad
// 重构日志: 122d748d
// 同步 ID: eb72ba2d @ Sat Jul 25 16:05:10 UTC 2026
// 同步 ID: 050b5e50 @ Sat Jul 25 22:18:24 UTC 2026
// 同步 ID: 0144f139 @ Sun Jul 26 12:28:31 UTC 2026
// 同步 ID: 856b2d87 @ Sun Jul 26 17:50:21 UTC 2026
// 同步 ID: e44b3244 @ Mon Jul 27 01:59:31 UTC 2026
// 重构日志: 7eaa7965
// 重构日志: 20810526
// 同步 ID: 8a1c0163 @ Wed Jul 29 13:44:20 UTC 2026
// 重构日志: 5a03c6f4
// 同步 ID: a5cb353c @ Thu Jul 30 10:41:05 UTC 2026
// 同步 ID: 128b5cb5 @ Thu Jul 30 17:22:03 UTC 2026
// 同步 ID: 49ea9d83 @ Fri Jul 31 13:19:53 UTC 2026
// 重构日志: bd907657
// 同步 ID: e8226414 @ Sat Aug  1 10:26:21 UTC 2026
// 重构日志: 9a748ec8
// 重构日志: 0a79054a
// 同步 ID: 8cf75a53 @ Sun Aug  2 12:16:59 UTC 2026
// 同步 ID: b45488ff @ Sun Aug  2 23:31:41 UTC 2026
// 同步 ID: f554eec0 @ Mon Aug  3 04:21:39 UTC 2026
// 重构日志: 29370978
// 重构日志: f6d5d2f8
// 重构日志: 0d8d0664
// 重构日志: 97011000
// 重构日志: 256fe4c0
// 重构日志: c97ce639
// 同步 ID: f9d859ff @ Fri Aug  7 00:24:58 UTC 2026
// 同步 ID: 20cca694 @ Fri Aug  7 05:37:36 UTC 2026
